Archive member included to satisfy reference by file (symbol)

/usr/lib/x86_64-linux-gnu/libc_nonshared.a(elf-init.oS)
                              /usr/bin/../lib/gcc/x86_64-linux-gnu/9/../../../x86_64-linux-gnu/crt1.o (__libc_csu_init)

Merging program properties

Removed property 0xc0000002 to merge /usr/bin/../lib/gcc/x86_64-linux-gnu/9/../../../x86_64-linux-gnu/crt1.o (0x3) and build/dummy.o (not found)
Removed property 0xc0000002 to merge /usr/bin/../lib/gcc/x86_64-linux-gnu/9/../../../x86_64-linux-gnu/crt1.o (not found) and /usr/lib/x86_64-linux-gnu/libc_nonshared.a(elf-init.oS) (0x3)
Removed property 0xc0000002 to merge /usr/bin/../lib/gcc/x86_64-linux-gnu/9/../../../x86_64-linux-gnu/crt1.o (not found) and /usr/bin/../lib/gcc/x86_64-linux-gnu/9/crtend.o (0x3)
Removed property 0xc0000002 to merge /usr/bin/../lib/gcc/x86_64-linux-gnu/9/../../../x86_64-linux-gnu/crt1.o (not found) and /usr/bin/../lib/gcc/x86_64-linux-gnu/9/../../../x86_64-linux-gnu/crtn.o (0x3)

Allocating common symbols
Common symbol       size              file

secondslidefrac     0x4               build/p_map.o
bottomtexture       0x4               build/r_segs.o
curline             0x8               build/r_bsp.o
nodrawers           0x4               build/g_game.o
dccount             0x4               build/r_draw.o
savegamestrings     0xf0              build/m_menu.o
extralight          0x4               build/r_main.o
usergame            0x4               build/g_game.o
casttics            0x4               build/f_finale.o
d_map               0x4               build/g_game.o
displayplayer       0x4               build/g_game.o
sendpause           0x4               build/g_game.o
linecount           0x4               build/r_main.o
netgame             0x4               build/g_game.o
startskill          0x4               build/d_main.o
main_e              0x4               build/m_menu.o
advancedemo         0x4               build/d_main.o
bmaporgy            0x4               build/p_setup.o
activeceilings      0xf0              build/p_ceilng.o
rw_x                0x4               build/r_segs.o
slidemo             0x8               build/p_map.o
cachedheight        0x320             build/r_plane.o
switchlist          0x190             build/p_switch.o
levelstarttic       0x4               build/g_game.o
sttminus            0x8               build/st_lib.o
screenvisible       0x4               build/i_video.o
centerxfrac         0x4               build/r_main.o
rw_angle1           0x4               build/r_segs.o
viletryx            0x4               build/p_enemy.o
mceilingclip        0x8               build/r_things.o
sightcounts         0x8               build/p_sight.o
itemOn              0x2               build/m_menu.o
sprtopscreen        0x4               build/r_things.o
topfrac             0x4               build/r_segs.o
nofit               0x4               build/p_map.o
bestslidefrac       0x4               build/p_map.o
intercepts          0xbd0             build/p_maputl.o
bottomslope         0x4               build/p_sight.o
segs                0x8               build/p_setup.o
tmthing             0x8               build/p_map.o
castnum             0x4               build/f_finale.o
newvissprite        0x4               build/r_things.o
ds_y                0x4               build/r_draw.o
deathmatch_p        0x8               build/p_setup.o
pixhigh             0x4               build/r_segs.o
ds_x2               0x4               build/r_draw.o
st_backing_screen   0x8               build/st_stuff.o
visplanes           0x14c00           build/r_plane.o
viewangleoffset     0x4               build/r_main.o
numsubsectors       0x4               build/p_setup.o
mousex              0x4               build/g_game.o
colfunc             0x8               build/r_main.o
saveOldString       0x18              build/m_menu.o
floorplane          0x8               build/r_plane.o
transcolfunc        0x8               build/r_main.o
deathmatchstarts    0x64              build/p_setup.o
lastpatch           0x4               build/r_data.o
scaledviewwidth     0x4               build/r_draw.o
lasttime            0x4               build/d_loop.o
screenheightarray   0x280             build/r_things.o
firstflat           0x4               build/r_data.o
mainzone            0x8               build/z_zone.o
newend              0x8               build/r_bsp.o
levelTimeCount      0x4               build/p_spec.o
tempstring          0x50              build/m_menu.o
dc_x                0x4               build/r_draw.o
playeringame        0x10              build/g_game.o
numsides            0x4               build/p_setup.o
rw_distance         0x4               build/r_segs.o
basecolfunc         0x8               build/r_main.o
gameepisode         0x4               build/g_game.o
ds_ystep            0x4               build/r_draw.o
texturecolumnlump   0x8               build/r_data.o
lumpinfo            0x8               build/w_wad.o
[...]
Memory Configuration

Name             Origin             Length             Attributes
*default*        0x0000000000000000 0xffffffffffffffff

Linker script and memory map

LOAD /usr/bin/../lib/gcc/x86_64-linux-gnu/9/../../../x86_64-linux-gnu/crt1.o
LOAD /usr/bin/../lib/gcc/x86_64-linux-gnu/9/../../../x86_64-linux-gnu/crti.o
LOAD /usr/bin/../lib/gcc/x86_64-linux-gnu/9/crtbegin.o
LOAD build/dummy.o
LOAD build/am_map.o
LOAD build/doomdef.o
LOAD build/doomstat.o
LOAD build/dstrings.o
LOAD build/d_event.o
LOAD build/d_items.o
LOAD build/d_iwad.o
LOAD build/d_loop.o
LOAD build/d_main.o
LOAD build/d_mode.o
LOAD build/d_net.o
LOAD build/f_finale.o
LOAD build/f_wipe.o
LOAD build/g_game.o
LOAD build/hu_lib.o
LOAD build/hu_stuff.o
LOAD build/info.o
LOAD build/i_cdmus.o
LOAD build/i_endoom.o
LOAD build/i_joystick.o
LOAD build/i_scale.o
LOAD build/i_sound.o
LOAD build/i_system.o
LOAD build/i_timer.o
LOAD build/memio.o
LOAD build/m_argv.o
LOAD build/m_bbox.o
LOAD build/m_cheat.o
LOAD build/m_config.o
LOAD build/m_controls.o
LOAD build/m_fixed.o
LOAD build/m_menu.o
LOAD build/m_misc.o
LOAD build/m_random.o
LOAD build/p_ceilng.o
LOAD build/p_doors.o
LOAD build/p_enemy.o
LOAD build/p_floor.o
LOAD build/p_inter.o
LOAD build/p_lights.o
LOAD build/p_map.o
LOAD build/p_maputl.o
LOAD build/p_mobj.o
LOAD build/p_plats.o
LOAD build/p_pspr.o
LOAD build/p_saveg.o
LOAD build/p_setup.o
LOAD build/p_sight.o
LOAD build/p_spec.o
LOAD build/p_switch.o
LOAD build/p_telept.o
LOAD build/p_tick.o
LOAD build/p_user.o
LOAD build/r_bsp.o
LOAD build/r_data.o
LOAD build/r_draw.o
LOAD build/r_main.o
LOAD build/r_plane.o
LOAD build/r_segs.o
LOAD build/r_sky.o
LOAD build/r_things.o
LOAD build/sha1.o
LOAD build/sounds.o
LOAD build/statdump.o
LOAD build/st_lib.o
LOAD build/st_stuff.o
LOAD build/s_sound.o
LOAD build/tables.o
LOAD build/v_video.o
LOAD build/wi_stuff.o
LOAD build/w_checksum.o
LOAD build/w_file.o
LOAD build/w_main.o
LOAD build/w_wad.o
LOAD build/z_zone.o
LOAD build/w_file_stdc.o
LOAD build/i_input.o
LOAD build/i_video.o
LOAD build/doomgeneric.o
LOAD build/doomgeneric_ncurses.o
LOAD /usr/bin/../lib/gcc/x86_64-linux-gnu/9/../../../x86_64-linux-gnu/libm.so
START GROUP
LOAD /lib/x86_64-linux-gnu/libm.so.6
LOAD /lib/x86_64-linux-gnu/libmvec.so.1
END GROUP
LOAD /usr/bin/../lib/gcc/x86_64-linux-gnu/9/../../../x86_64-linux-gnu/libc.so
START GROUP
LOAD /lib/x86_64-linux-gnu/libc.so.6
LOAD /usr/lib/x86_64-linux-gnu/libc_nonshared.a
LOAD /lib/x86_64-linux-gnu/ld-linux-x86-64.so.2
END GROUP
LOAD /usr/bin/../lib/gcc/x86_64-linux-gnu/9/libgcc.a
LOAD /usr/bin/../lib/gcc/x86_64-linux-gnu/9/libgcc_s.so
START GROUP
LOAD /usr/bin/../lib/gcc/x86_64-linux-gnu/9/../../../x86_64-linux-gnu/libgcc_s.so.1
LOAD /usr/bin/../lib/gcc/x86_64-linux-gnu/9/libgcc.a
END GROUP
LOAD /usr/bin/../lib/gcc/x86_64-linux-gnu/9/../../../x86_64-linux-gnu/libc.so
START GROUP
LOAD /lib/x86_64-linux-gnu/libc.so.6
LOAD /usr/lib/x86_64-linux-gnu/libc_nonshared.a
LOAD /lib/x86_64-linux-gnu/ld-linux-x86-64.so.2
END GROUP
LOAD /usr/bin/../lib/gcc/x86_64-linux-gnu/9/libgcc.a
LOAD /usr/bin/../lib/gcc/x86_64-linux-gnu/9/libgcc_s.so
START GROUP
LOAD /usr/bin/../lib/gcc/x86_64-linux-gnu/9/../../../x86_64-linux-gnu/libgcc_s.so.1
LOAD /usr/bin/../lib/gcc/x86_64-linux-gnu/9/libgcc.a
END GROUP
LOAD /usr/bin/../lib/gcc/x86_64-linux-gnu/9/crtend.o
LOAD /usr/bin/../lib/gcc/x86_64-linux-gnu/9/../../../x86_64-linux-gnu/crtn.o
                [!provide]                        PROVIDE (__executable_start = SEGMENT_START ("text-segment", 0x400000))
                0x00000000004002a8                . = (SEGMENT_START ("text-segment", 0x400000) + SIZEOF_HEADERS)

.interp         0x00000000004002a8       0x1c
 *(.interp)
 .interp        0x00000000004002a8       0x1c /usr/bin/../lib/gcc/x86_64-linux-gnu/9/../../../x86_64-linux-gnu/crt1.o

.note.gnu.build-id
                0x00000000004002c4       0x24
 *(.note.gnu.build-id)
 .note.gnu.build-id
                0x00000000004002c4       0x24 /usr/bin/../lib/gcc/x86_64-linux-gnu/9/../../../x86_64-linux-gnu/crt1.o

.note.ABI-tag   0x00000000004002e8       0x20
 .note.ABI-tag  0x00000000004002e8       0x20 /usr/bin/../lib/gcc/x86_64-linux-gnu/9/../../../x86_64-linux-gnu/crt1.o

.hash
 *(.hash)

.gnu.hash       0x0000000000400308       0x28
 *(.gnu.hash)
 .gnu.hash      0x0000000000400308       0x28 /usr/bin/../lib/gcc/x86_64-linux-gnu/9/../../../x86_64-linux-gnu/crt1.o

.dynsym         0x0000000000400330      0x4b0
 *(.dynsym)
 .dynsym        0x0000000000400330      0x4b0 /usr/bin/../lib/gcc/x86_64-linux-gnu/9/../../../x86_64-linux-gnu/crt1.o

.dynstr         0x00000000004007e0      0x1d1
 *(.dynstr)
 .dynstr        0x00000000004007e0      0x1d1 /usr/bin/../lib/gcc/x86_64-linux-gnu/9/../../../x86_64-linux-gnu/crt1.o

.gnu.version    0x00000000004009b2       0x64
 *(.gnu.version)
 .gnu.version   0x00000000004009b2       0x64 /usr/bin/../lib/gcc/x86_64-linux-gnu/9/../../../x86_64-linux-gnu/crt1.o

.gnu.version_d  0x0000000000400a18        0x0
 *(.gnu.version_d)
 .gnu.version_d
                0x0000000000400a18        0x0 /usr/bin/../lib/gcc/x86_64-linux-gnu/9/../../../x86_64-linux-gnu/crt1.o

.gnu.version_r  0x0000000000400a18       0x50
 *(.gnu.version_r)
 .gnu.version_r
                0x0000000000400a18       0x50 /usr/bin/../lib/gcc/x86_64-linux-gnu/9/../../../x86_64-linux-gnu/crt1.o

.rela.dyn       0x0000000000400a68       0x60
 *(.rela.init)
 *(.rela.text .rela.text.* .rela.gnu.linkonce.t.*)
 .rela.text     0x0000000000400a68        0x0 /usr/bin/../lib/gcc/x86_64-linux-gnu/9/../../../x86_64-linux-gnu/crt1.o
 *(.rela.fini)
 *(.rela.rodata .rela.rodata.* .rela.gnu.linkonce.r.*)
 .rela.rodata   0x0000000000400a68        0x0 /usr/bin/../lib/gcc/x86_64-linux-gnu/9/../../../x86_64-linux-gnu/crt1.o
 *(.rela.data .rela.data.* .rela.gnu.linkonce.d.*)
 .rela.data.rel.ro
                0x0000000000400a68        0x0 /usr/bin/../lib/gcc/x86_64-linux-gnu/9/../../../x86_64-linux-gnu/crt1.o
 *(.rela.tdata .rela.tdata.* .rela.gnu.linkonce.td.*)
 *(.rela.tbss .rela.tbss.* .rela.gnu.linkonce.tb.*)
 *(.rela.ctors)
 *(.rela.dtors)
 *(.rela.got)
 .rela.got      0x0000000000400a68       0x30 /usr/bin/../lib/gcc/x86_64-linux-gnu/9/../../../x86_64-linux-gnu/crt1.o
 *(.rela.bss .rela.bss.* .rela.gnu.linkonce.b.*)
 .rela.bss      0x0000000000400a98       0x30 /usr/bin/../lib/gcc/x86_64-linux-gnu/9/../../../x86_64-linux-gnu/crt1.o
 *(.rela.ldata .rela.ldata.* .rela.gnu.linkonce.l.*)
 *(.rela.lbss .rela.lbss.* .rela.gnu.linkonce.lb.*)
 *(.rela.lrodata .rela.lrodata.* .rela.gnu.linkonce.lr.*)
 *(.rela.ifunc)

.rela.plt       0x0000000000400ac8      0x438
 *(.rela.plt)
 .rela.plt      0x0000000000400ac8      0x438 /usr/bin/../lib/gcc/x86_64-linux-gnu/9/../../../x86_64-linux-gnu/crt1.o
                [!provide]                        PROVIDE (__rela_iplt_start = .)
 *(.rela.iplt)
 .rela.iplt     0x0000000000400f00        0x0 /usr/bin/../lib/gcc/x86_64-linux-gnu/9/../../../x86_64-linux-gnu/crt1.o
                [!provide]                        PROVIDE (__rela_iplt_end = .)
                0x0000000000401000                . = ALIGN (CONSTANT (MAXPAGESIZE))

.init           0x0000000000401000       0x1b
 *(SORT_NONE(.init))
 .init          0x0000000000401000       0x16 /usr/bin/../lib/gcc/x86_64-linux-gnu/9/../../../x86_64-linux-gnu/crti.o
                0x0000000000401000                _init
 .init          0x0000000000401016        0x5 /usr/bin/../lib/gcc/x86_64-linux-gnu/9/../../../x86_64-linux-gnu/crtn.o

.plt            0x0000000000401020      0x2e0
 *(.plt)
 .plt           0x0000000000401020      0x2e0 /usr/bin/../lib/gcc/x86_64-linux-gnu/9/../../../x86_64-linux-gnu/crt1.o
                0x0000000000401030                __ctype_toupper_loc@@GLIBC_2.3
                0x0000000000401040                free@@GLIBC_2.2.5
                0x0000000000401050                putchar@@GLIBC_2.2.5
                0x0000000000401060                strcasecmp@@GLIBC_2.2.5
                0x0000000000401070                __errno_location@@GLIBC_2.2.5
                0x0000000000401080                strncpy@@GLIBC_2.2.5
                0x0000000000401090                remove@@GLIBC_2.2.5
                0x00000000004010a0                strncmp@@GLIBC_2.2.5
                0x00000000004010b0                mkdir@@GLIBC_2.2.5
                0x00000000004010c0                toupper@@GLIBC_2.2.5
                0x00000000004010d0                puts@@GLIBC_2.2.5
                0x00000000004010e0                fread@@GLIBC_2.2.5
                0x00000000004010f0                vsnprintf@@GLIBC_2.2.5
                0x0000000000401100                atof@@GLIBC_2.2.5
                0x0000000000401110                fread_unlocked@@GLIBC_2.2.5
                0x0000000000401120                fclose@@GLIBC_2.2.5
                0x0000000000401130                strlen@@GLIBC_2.2.5
                0x0000000000401140                system@@GLIBC_2.2.5
                0x0000000000401150                printf@@GLIBC_2.2.5
                0x0000000000401160                snprintf@@GLIBC_2.2.5
                0x0000000000401170                strrchr@@GLIBC_2.2.5
                0x0000000000401180                gettimeofday@@GLIBC_2.2.5
                0x0000000000401190                memset@@GLIBC_2.2.5
                0x00000000004011a0                memchr@@GLIBC_2.2.5
                0x00000000004011b0                calloc@@GLIBC_2.2.5
                0x00000000004011c0                strcmp@@GLIBC_2.2.5
                0x00000000004011d0                fprintf@@GLIBC_2.2.5
                0x00000000004011e0                ftell@@GLIBC_2.2.5
                0x00000000004011f0                memcpy@@GLIBC_2.14
                0x0000000000401200                malloc@@GLIBC_2.2.5
                0x0000000000401210                strncasecmp@@GLIBC_2.2.5
                0x0000000000401220                fflush@@GLIBC_2.2.5
                0x0000000000401230                __isoc99_sscanf@@GLIBC_2.7
                0x0000000000401240                fseek@@GLIBC_2.2.5
                0x0000000000401250                fwrite_unlocked@@GLIBC_2.2.5
                0x0000000000401260                realloc@@GLIBC_2.2.5
                0x0000000000401270                fopen@@GLIBC_2.2.5
                0x0000000000401280                rename@@GLIBC_2.2.5
                0x0000000000401290                vfprintf@@GLIBC_2.2.5
                0x00000000004012a0                atoi@@GLIBC_2.2.5
                0x00000000004012b0                exit@@GLIBC_2.2.5
                0x00000000004012c0                fwrite@@GLIBC_2.2.5
                0x00000000004012d0                strdup@@GLIBC_2.2.5
                0x00000000004012e0                strstr@@GLIBC_2.2.5
                0x00000000004012f0                usleep@@GLIBC_2.2.5
 *(.iplt)
 .iplt          0x0000000000401300        0x0 /usr/bin/../lib/gcc/x86_64-linux-gnu/9/../../../x86_64-linux-gnu/crt1.o

.plt.got        0x0000000000401300        0x0
 *(.plt.got)
 .plt.got       0x0000000000401300        0x0 /usr/bin/../lib/gcc/x86_64-linux-gnu/9/../../../x86_64-linux-gnu/crt1.o

.plt.sec
 *(.plt.sec)

.text           0x0000000000401300    0x25805
 *(.text.unlikely .text.*_unlikely .text.unlikely.*)
 *(.text.exit .text.exit.*)
 *(.text.startup .text.startup.*)
 *(.text.hot .text.hot.*)
 *(SORT_BY_NAME(.text.sorted.*))
 *(.text .stub .text.* .gnu.linkonce.t.*)
 .text          0x0000000000401300       0x35 /usr/bin/../lib/gcc/x86_64-linux-gnu/9/../../../x86_64-linux-gnu/crt1.o
                0x0000000000401300                _start
                0x0000000000401330                _dl_relocate_static_pie
 *fill*         0x0000000000401335        0xb 
 .text          0x0000000000401340       0xa6 /usr/bin/../lib/gcc/x86_64-linux-gnu/9/crtbegin.o
 *fill*         0x00000000004013e6        0x2 
 .text          0x00000000004013e8     0x1a0b build/am_map.o
                0x00000000004013e8                AM_getIslope
                0x000000000040143e                AM_activateNewScale
                0x00000000004014ef                AM_saveScaleAndLoc
                0x0000000000401520                AM_restoreScaleAndLoc
                0x00000000004015c8                AM_addMark
                0x000000000040162d                AM_findMinMaxBoundaries
                0x000000000040174b                AM_changeWindowLoc
                0x000000000040180c                AM_initVariables
                0x0000000000401967                AM_loadPics
                0x00000000004019b1                AM_unloadPics
                0x00000000004019ea                AM_clearMarks
                0x0000000000401a0c                AM_LevelInit
                0x0000000000401a7f                AM_Stop
                0x0000000000401aa2                AM_Start
                0x0000000000401b17                AM_minOutWindowScale
                0x0000000000401b3a                AM_maxOutWindowScale
                0x0000000000401b5d                AM_Responder
                0x0000000000401fcc                AM_changeWindowScale
                0x000000000040202c                AM_doFollowPlayer
                0x00000000004020fd                AM_updateLightLev
                0x000000000040215c                AM_Ticker
                0x00000000004021a1                AM_clearFB
                0x00000000004021d3                AM_clipMline
                0x0000000000402535                AM_drawFline
                0x00000000004026c4                AM_drawMline
                0x00000000004026e4                AM_drawGrid
                0x00000000004027f6                AM_drawWalls
                0x000000000040291c                AM_rotate
                0x0000000000402986                AM_drawLineCharacter
                0x0000000000402ac8                AM_drawPlayers
                0x0000000000402b97                AM_drawThings
                0x0000000000402c14                AM_drawMarks
                0x0000000000402ce7                AM_drawCrosshair
                0x0000000000402d1f                AM_Drawer
 *fill*         0x0000000000402df3        0x1 
 .text          0x0000000000402df4       0x77 build/d_event.o
                0x0000000000402df4                D_PostEvent
                0x0000000000402e32                D_PopEvent
 *fill*         0x0000000000402e6b        0x1 
 .text          0x0000000000402e6c      0x3f8 build/d_iwad.o
                0x0000000000402e6c                D_FindWADByName
                0x0000000000402f7e                D_TryFindWADByName
                0x0000000000402f90                D_FindIWAD
                0x0000000000403178                D_FindAllIWADs
                0x00000000004031e6                D_SaveGameIWADName
                0x0000000000403209                D_SuggestIWADName
                0x0000000000403234                D_SuggestGameName
 .text          0x0000000000403264      0x5c6 build/d_loop.o
                0x0000000000403264                NetUpdate
                0x00000000004033dc                D_ReceiveTic
                0x000000000040346d                D_StartGameLoop
                0x00000000004034ba                D_StartNetGame
                0x00000000004034f1                D_InitNetGame
                0x0000000000403511                D_QuitNetGame
                0x0000000000403512                TryRunTics
                0x0000000000403822                D_RegisterLoopCallbacks
 *fill*         0x000000000040382a        0x2 
 .text          0x000000000040382c     0x13c5 build/d_main.o
                0x000000000040382c                D_ProcessEvents
                0x0000000000403866                D_Display
                0x0000000000403baf                D_PageDrawer
                0x0000000000403bce                D_BindVariables
                0x0000000000403cf2                D_GrabMouseCallback
                0x0000000000403d24                doomgeneric_Tick
                0x0000000000403d5a                D_DoomLoop
                0x0000000000403df1                D_PageTicker
                0x0000000000403e10                D_AdvanceDemo
                0x0000000000403e1b                D_DoAdvanceDemo
                0x0000000000403f87                D_StartTitle
                0x0000000000403fa6                D_IdentifyVersion
                0x0000000000404121                D_SetGameDescription
                0x0000000000404204                PrintDehackedBanners
                0x0000000000404205                PrintGameVersion
                0x0000000000404248                D_DoomMain
 *fill*         0x0000000000404bf1        0x3 
 .text          0x0000000000404bf4      0x11d build/d_mode.o
                0x0000000000404bf4                D_ValidGameMode
                0x0000000000404c1a                D_ValidEpisodeMap
                0x0000000000404c89                D_GetNumEpisodes
                0x0000000000404cb6                D_ValidGameVersion
                0x0000000000404ce7                D_IsEpisodeMap
                0x0000000000404cfa                D_GameMissionString
 *fill*         0x0000000000404d11        0x3 
 .text          0x0000000000404d14      0x378 build/d_net.o
                0x0000000000404d14                D_ConnectNetGame
                0x0000000000404def                D_CheckNetGame
 .text          0x000000000040508c      0xb41 build/f_finale.o
                0x000000000040508c                F_StartFinale
                0x0000000000405168                F_Responder
                0x0000000000405178                F_CastResponder
                0x00000000004051f6                F_Ticker
                0x00000000004052bd                F_StartCast
                0x0000000000405330                F_CastTicker
                0x0000000000405711                F_TextWrite
                0x000000000040583b                F_CastPrint
                0x00000000004058e9                F_CastDrawer
                0x000000000040597f                F_DrawPatchCol
                0x00000000004059e2                F_BunnyScroll
                0x0000000000405b58                F_Drawer
 *fill*         0x0000000000405bcd        0x3 
 .text          0x0000000000405bd0      0x4b7 build/f_wipe.o
                0x0000000000405bd0                wipe_shittyColMajorXform
                0x0000000000405c6b                wipe_initColorXForm
                0x0000000000405c8f                wipe_doColorXForm
                0x0000000000405cf3                wipe_exitColorXForm
                0x0000000000405cf6                wipe_initMelt
                0x0000000000405de7                wipe_doMelt
                0x0000000000405f4e                wipe_exitMelt
                0x0000000000405f77                wipe_StartScreen
                0x0000000000405f9c                wipe_EndScreen
                0x0000000000405ff0                wipe_ScreenWipe
 *fill*         0x0000000000406087        0x1 
 .text          0x0000000000406088     0x22bb build/g_game.o
                0x0000000000406088                G_CmdChecksum
                0x0000000000406091                G_BuildTiccmd
                0x000000000040674a                G_DoLoadLevel
                0x00000000004068da                G_Responder
                0x0000000000406bdd                G_Ticker
                0x0000000000406f3a                G_DoReborn
                0x0000000000407006                G_DoNewGame
                0x0000000000407069                G_DoLoadGame
                0x000000000040711d                G_DoSaveGame
                0x0000000000407263                G_DoPlayDemo
                0x0000000000407465                G_DoCompleted
                0x0000000000407751                G_DoWorldDone
                0x000000000040777f                G_ReadDemoTiccmd
                0x00000000004077ff                G_WriteDemoTiccmd
                0x0000000000407948                G_InitPlayer
                0x000000000040794d                G_PlayerReborn
                0x00000000004079ea                G_PlayerFinishLevel
                0x0000000000407a2e                G_CheckSpot
                0x0000000000407c01                G_DeathMatchSpawnPlayer
                0x0000000000407c9d                G_ScreenShot
                0x0000000000407ca8                G_ExitLevel
                0x0000000000407cbd                G_SecretExitLevel
                0x0000000000407cf0                G_WorldDone
                0x0000000000407d4e                G_LoadGame
                0x0000000000407d6d                G_InitNew
                0x0000000000407f4b                G_SaveGame
                0x0000000000407f6d                G_DeferedInitNew
                0x0000000000407f8a                G_CheckDemoStatus
                0x00000000004080b8                G_RecordDemo
                0x0000000000408165                G_VanillaVersionCode
                0x00000000004081a3                G_BeginRecording
                0x00000000004082f9                G_DeferedPlayDemo
                0x000000000040830b                G_TimeDemo
 *fill*         0x0000000000408343        0x1 
 .text          0x0000000000408344      0x5c7 build/hu_lib.o
                0x0000000000408344                HUlib_init
                0x0000000000408345                HUlib_clearTextLine
                0x0000000000408358                HUlib_initTextLine
                0x0000000000408378                HUlib_addCharToTextLine
                0x00000000004083a5                HUlib_delCharFromTextLine
                0x00000000004083ca                HUlib_drawTextLine
                0x000000000040849f                HUlib_eraseTextLine
                0x0000000000408551                HUlib_initSText
                0x00000000004085be                HUlib_addLineToSText
                0x0000000000408610                HUlib_addMessageToSText
                0x00000000004086c6                HUlib_drawSText
                0x000000000040871f                HUlib_eraseSText
                0x0000000000408784                HUlib_initIText
                0x00000000004087b3                HUlib_delCharFromIText
                0x00000000004087d5                HUlib_eraseLineFromIText
                0x00000000004087fb                HUlib_resetIText
                0x000000000040880f                HUlib_addPrefixToIText
                0x000000000040884c                HUlib_keyInIText
                0x00000000004088c4                HUlib_drawIText
                0x00000000004088d8                HUlib_eraseIText
 *fill*         0x000000000040890b        0x1 
 .text          0x000000000040890c      0x7f8 build/hu_stuff.o
                0x000000000040890c                HU_Init
                0x0000000000408958                HU_Stop
                0x0000000000408960                HU_Start
                0x0000000000408b16                HU_Drawer
                0x0000000000408b43                HU_Erase
                0x0000000000408b63                HU_Ticker
                0x0000000000408d16                HU_queueChatChar
                0x0000000000408d4c                HU_dequeueChatChar
                0x0000000000408d70                HU_Responder
 .text          0x0000000000409104        0x1 build/i_endoom.o
                0x0000000000409104                I_Endoom
 *fill*         0x0000000000409105        0x3 
 .text          0x0000000000409108       0xc7 build/i_joystick.o
                0x0000000000409108                I_ShutdownJoystick
                0x0000000000409109                I_InitJoystick
                0x000000000040910a                I_UpdateJoystick
                0x000000000040910b                I_BindJoystickVariables
 *fill*         0x00000000004091cf        0x1 
 .text          0x00000000004091d0       0xd4 build/i_sound.o
                0x00000000004091d0                I_InitSound
                0x00000000004091f0                I_ShutdownSound
                0x00000000004091f1                I_GetSfxLumpNum
                0x00000000004091f4                I_UpdateSound
                0x00000000004091f5                I_UpdateSoundParams
                0x00000000004091f6                I_StartSound
                0x00000000004091f9                I_StopSound
                0x00000000004091fa                I_SoundIsPlaying
                0x00000000004091fd                I_PrecacheSounds
                0x00000000004091fe                I_InitMusic
                0x00000000004091ff                I_ShutdownMusic
                0x0000000000409200                I_SetMusicVolume
                0x0000000000409201                I_PauseSong
                0x0000000000409202                I_ResumeSong
                0x0000000000409203                I_RegisterSong
                0x0000000000409206                I_UnRegisterSong
                0x0000000000409207                I_PlaySong
                0x0000000000409208                I_StopSong
                0x0000000000409209                I_MusicIsPlaying
                0x000000000040920c                I_BindSoundVariables
 .text          0x00000000004092a4      0x52d build/i_system.o
                0x00000000004092a4                I_AtExit
                0x00000000004092d5                I_Tactile
                0x00000000004092d6                I_ZoneBase
                0x0000000000409373                I_PrintBanner
                0x00000000004093b0                I_PrintDivider
                0x00000000004093cf                I_PrintStartupBanner
                0x00000000004093f5                I_ConsoleStdout
                0x00000000004093f8                I_Quit
                0x000000000040940f                I_Error
                0x000000000040963b                I_GetMemoryValue
 *fill*         0x00000000004097d1        0x3 
 .text          0x00000000004097d4       0x58 build/i_timer.o
                0x00000000004097d4                I_GetTicks
                0x00000000004097db                I_GetTime
                0x0000000000409807                I_GetTimeMS
                0x0000000000409825                I_Sleep
                0x000000000040982a                I_WaitVBL
                0x000000000040982b                I_InitTimer
 .text          0x000000000040982c       0x94 build/m_argv.o
                0x000000000040982c                M_CheckParmWithArgs
                0x0000000000409880                M_ParmExists
                0x0000000000409893                M_CheckParm
                0x000000000040989a                M_FindResponseFile
                0x000000000040989b                M_GetExecutableName
 .text          0x00000000004098c0       0x33 build/m_bbox.o
                0x00000000004098c0                M_ClearBox
                0x00000000004098cb                M_AddToBox
 *fill*         0x00000000004098f3        0x1 
 .text          0x00000000004098f4       0xbf build/m_cheat.o
                0x00000000004098f4                cht_CheckCheat
                0x00000000004099a0                cht_GetParam
 *fill*         0x00000000004099b3        0x1 
 .text          0x00000000004099b4      0x33a build/m_config.o
                0x00000000004099b4                M_SetConfigFilenames
                0x00000000004099c3                M_SaveDefaults
                0x00000000004099c4                M_SaveDefaultsAlternate
                0x00000000004099c5                M_LoadDefaults
                0x0000000000409a85                M_BindVariable
                0x0000000000409ae8                M_SetVariable
                0x0000000000409b7b                M_GetIntVariable
                0x0000000000409b9f                M_GetStrVariable
                0x0000000000409bc3                M_GetFloatVariable
                0x0000000000409be7                M_SetConfigDir
                0x0000000000409c2a                M_GetSaveGameDir
 *fill*         0x0000000000409cee        0x2 
 .text          0x0000000000409cf0      0x760 build/m_controls.o
                0x0000000000409cf0                M_BindBaseControls
                0x0000000000409e87                M_BindHereticControls
                0x0000000000409f10                M_BindHexenControls
                0x0000000000409fb7                M_BindStrifeControls
                0x000000000040a0e5                M_BindWeaponControls
                0x000000000040a1b9                M_BindMapControls
                0x000000000040a26f                M_BindMenuControls
                0x000000000040a3e8                M_BindChatControls
                0x000000000040a44f                M_ApplyPlatformDefaults
 .text          0x000000000040a450       0x44 build/m_fixed.o
                0x000000000040a450                FixedMul
                0x000000000040a45f                FixedDiv
 .text          0x000000000040a494     0x1f05 build/m_menu.o
                0x000000000040a494                M_NewGame
                0x000000000040a524                M_Options
                0x000000000040a53e                M_LoadGame
                0x000000000040a5a3                M_SaveGame
                0x000000000040a612                M_ReadThis
                0x000000000040a62c                M_QuitDOOM
                0x000000000040a6af                M_DrawMainMenu
                0x000000000040a6d2                M_Episode
                0x000000000040a76d                M_DrawEpisode
                0x000000000040a790                M_ChooseSkill
                0x000000000040a7e7                M_DrawNewGame
                0x000000000040a82b                M_EndGame
                0x000000000040a8b2                M_ChangeMessages
                0x000000000040a8f2                M_ChangeDetail
                0x000000000040a93b                M_SizeDisplay
                0x000000000040a982                M_ChangeSensitivity
                0x000000000040a9ad                M_Sound
                0x000000000040a9c7                M_DrawOptions
                0x000000000040aaa8                M_ReadThis2
                0x000000000040aaec                M_DrawReadThis1
                0x000000000040aba3                M_FinishReadThis
                0x000000000040abbd                M_DrawReadThis2
                0x000000000040abe4                M_SfxVol
                0x000000000040ac22                M_MusicVol
                0x000000000040ac60                M_DrawSound
                0x000000000040acc5                M_LoadSelect
                0x000000000040ad00                M_DrawLoad
                0x000000000040ad70                M_SaveSelect
                0x000000000040adc6                M_DrawSave
                0x000000000040ae7f                M_ReadSaveStrings
                0x000000000040af2c                M_DrawSaveLoadBorder
                0x000000000040afb5                M_WriteText
                0x000000000040b025                M_ClearMenus
                0x000000000040b030                M_StartMessage
                0x000000000040b062                M_SetupNextMenu
                0x000000000040b075                M_StringWidth
                0x000000000040b0d7                M_DoSave
                0x000000000040b109                M_QuickSaveResponse
                0x000000000040b154                M_QuickSave
                0x000000000040b235                M_StartControlPanel
                0x000000000040b263                M_QuickLoadResponse
                0x000000000040b286                M_QuickLoad
                0x000000000040b312                M_DrawThermo
                0x000000000040b3b7                M_VerifyNightmare
                0x000000000040b3e3                M_EndGameResponse
                0x000000000040b40d                M_QuitResponse
                0x000000000040b459                M_DrawEmptyCell
                0x000000000040b490                M_DrawSelCell
                0x000000000040b4c7                M_StopMessage
                0x000000000040b4de                M_StringHeight
                0x000000000040b535                M_Responder
                0x000000000040c080                M_Drawer
                0x000000000040c2bf                M_Ticker
                0x000000000040c2e6                M_Init
 *fill*         0x000000000040c399        0x3 
 .text          0x000000000040c39c      0x79d build/m_misc.o
                0x000000000040c39c                M_MakeDirectory
                0x000000000040c3a6                M_FileExists
                0x000000000040c3d7                M_FileLength
                0x000000000040c417                M_WriteFile
                0x000000000040c464                M_ReadFile
                0x000000000040c502                M_TempFile
                0x000000000040c518                M_StringJoin
                0x000000000040c6a4                M_StrToInt
                0x000000000040c717                M_ExtractFileBase
                0x000000000040c785                M_ForceUppercase
                0x000000000040c7ba                M_StrCaseStr
                0x000000000040c817                M_StringDuplicate
                0x000000000040c84d                M_StringReplace
                0x000000000040c95c                M_StringCopy
                0x000000000040c996                M_StringConcat
                0x000000000040c9c9                M_StringStartsWith
                0x000000000040ca08                M_StringEndsWith
                0x000000000040ca4d                M_vsnprintf
                0x000000000040ca84                M_snprintf
 *fill*         0x000000000040cb39        0x3 
 .text          0x000000000040cb3c       0x41 build/m_random.o
                0x000000000040cb3c                P_Random
                0x000000000040cb55                M_Random
                0x000000000040cb6e                M_ClearRandom
 *fill*         0x000000000040cb7d        0x3 
 .text          0x000000000040cb80      0x3e3 build/p_ceilng.o
                0x000000000040cb80                T_MoveCeiling
                0x000000000040ccc8                P_RemoveActiveCeiling
                0x000000000040cd0a                EV_DoCeiling
                0x000000000040cec2                P_ActivateInStasisCeiling
                0x000000000040cef9                P_AddActiveCeiling
                0x000000000040cf19                EV_CeilingCrushStop
 *fill*         0x000000000040cf63        0x1 
 .text          0x000000000040cf64      0x75f build/p_doors.o
                0x000000000040cf64                T_VerticalDoor
                0x000000000040d0f1                EV_DoLockedDoor
                0x000000000040d19d                EV_DoDoor
                0x000000000040d38e                EV_VerticalDoor
                0x000000000040d5f6                P_SpawnDoorCloseIn30
                0x000000000040d64e                P_SpawnDoorRaiseIn5Mins
 *fill*         0x000000000040d6c3        0x1 
 .text          0x000000000040d6c4     0x1fbf build/p_enemy.o
                0x000000000040d6c4                P_RecursiveSound
                0x000000000040d78b                P_NoiseAlert
                0x000000000040d7a6                P_CheckMeleeRange
                0x000000000040d800                P_CheckMissileRange
                0x000000000040d8e1                P_Move
                0x000000000040d9fd                P_TryWalk
                0x000000000040da23                P_NewChaseDir
                0x000000000040dc0a                P_LookForPlayers
                0x000000000040dcf4                A_KeenDie
                0x000000000040dd5c                A_Fall
                0x000000000040dd64                A_Look
                0x000000000040de32                A_Chase
                0x000000000040e040                A_FaceTarget
                0x000000000040e098                A_PosAttack
                0x000000000040e141                A_SPosAttack
                0x000000000040e1f1                A_CPosAttack
                0x000000000040e29a                A_CPosRefire
                0x000000000040e2e3                A_SpidRefire
                0x000000000040e32c                A_BspiAttack
                0x000000000040e356                A_TroopAttack
                0x000000000040e3c8                A_SargAttack
                0x000000000040e425                A_HeadAttack
                0x000000000040e499                A_CyberAttack
                0x000000000040e4c3                A_BruisAttack
                0x000000000040e52c                A_SkelMissile
                0x000000000040e57d                A_Tracer
                0x000000000040e6e8                A_SkelWhoosh
                0x000000000040e70b                A_SkelFist
                0x000000000040e785                PIT_VileCheck
                0x000000000040e817                A_VileChase
                0x000000000040e97b                A_VileStart
                0x000000000040e985                A_StartFire
                0x000000000040e99c                A_Fire
                0x000000000040ea44                A_FireCrackle
                0x000000000040ea5b                A_VileTarget
                0x000000000040eaae                A_VileAttack
                0x000000000040eba0                A_FatRaise
                0x000000000040ebb7                A_FatAttack1
                0x000000000040ec45                A_FatAttack2
                0x000000000040ecd7                A_FatAttack3
                0x000000000040edb5                A_SkullAttack
                0x000000000040ee75                A_PainShootSkull
                0x000000000040ef81                A_PainAttack
                0x000000000040efa2                A_PainDie
                0x000000000040efdb                A_Scream
                0x000000000040f048                A_XScream
                0x000000000040f052                A_Pain
                0x000000000040f065                A_Explode
                0x000000000040f076                A_BossDeath
                0x000000000040f293                A_Hoof
                0x000000000040f2aa                A_Metal
                0x000000000040f2c1                A_BabyMetal
                0x000000000040f2d8                A_OpenShotgun2
                0x000000000040f2e5                A_LoadShotgun2
                0x000000000040f2f2                A_CloseShotgun2
                0x000000000040f31b                A_BrainAwake
                0x000000000040f375                A_BrainPain
                0x000000000040f381                A_BrainScream
                0x000000000040f42e                A_BrainExplode
                0x000000000040f4ab                A_BrainDie
                0x000000000040f4b0                A_BrainSpit
                0x000000000040f538                A_SpawnSound
                0x000000000040f54f                A_SpawnFly
                0x000000000040f660                A_PlayerScream
 *fill*         0x000000000040f683        0x1 
 .text          0x000000000040f684      0x79b build/p_floor.o
                0x000000000040f684                T_MovePlane
                0x000000000040f7c4                T_MoveFloor
                0x000000000040f863                EV_DoFloor
                0x000000000040fc4e                EV_BuildStairs
 *fill*         0x000000000040fe1f        0x1 
 .text          0x000000000040fe20      0xed8 build/p_inter.o
                0x000000000040fe20                P_GiveAmmo
                0x000000000040ff48                P_GiveWeapon
                0x0000000000410057                P_GiveBody
                0x0000000000410080                P_GiveArmor
                0x0000000000410096                P_GiveCard
                0x00000000004100b3                P_GivePower
                0x0000000000410137                P_TouchSpecialThing
                0x000000000041084f                P_KillMobj
                0x00000000004109fc                P_DamageMobj
 .text          0x0000000000410cf8      0x3fa build/p_lights.o
                0x0000000000410cf8                T_FireFlicker
                0x0000000000410d2f                P_SpawnFireFlicker
                0x0000000000410d89                T_LightFlash
                0x0000000000410dc6                P_SpawnLightFlash
                0x0000000000410e31                T_StrobeFlash
                0x0000000000410e62                P_SpawnStrobeFlash
                0x0000000000410ee8                EV_StartLightStrobing
                0x0000000000410f33                EV_TurnTagLightsOff
                0x0000000000410fb6                EV_LightTurnOn
                0x0000000000411044                T_Glow
                0x0000000000411095                P_SpawnGlowingLight
 *fill*         0x00000000004110f2        0x2 
 .text          0x00000000004110f4     0x1556 build/p_map.o
                0x00000000004110f4                PIT_StompThing
                0x000000000041116a                P_TeleportMove
                0x00000000004112ee                PIT_CheckLine
                0x0000000000411494                PIT_CheckThing
                0x0000000000411634                P_CheckPosition
                0x0000000000411803                P_TryMove
                0x0000000000411975                P_ThingHeightClip
                0x00000000004119ce                P_HitSlideLine
                0x0000000000411ac2                PTR_SlideTraverse
                0x0000000000411b7d                P_SlideMove
                0x0000000000411d6e                PTR_AimTraverse
                0x0000000000411ef3                PTR_ShootTraverse
                0x00000000004121f9                P_AimLineAttack
                0x0000000000412294                P_LineAttack
                0x000000000041230d                PTR_UseTraverse
                0x0000000000412375                P_UseLines
                0x00000000004123c0                PIT_RadiusAttack
                0x0000000000412464                P_RadiusAttack
                0x00000000004124fb                PIT_ChangeSector
                0x00000000004125e1                P_ChangeSector
 *fill*         0x000000000041264a        0x2 
 .text          0x000000000041264c      0xa7b build/p_maputl.o
                0x000000000041264c                P_AproxDistance
                0x0000000000412667                P_PointOnLineSide
                0x00000000004126dc                P_BoxOnLineSide
                0x000000000041278f                P_PointOnDivlineSide
                0x000000000041280e                P_MakeDivline
                0x0000000000412828                P_InterceptVector
                0x00000000004128a0                P_LineOpening
                0x00000000004128e8                P_UnsetThingPosition
                0x0000000000412985                P_SetThingPosition
                0x0000000000412a31                P_BlockLinesIterator
                0x0000000000412acf                P_BlockThingsIterator
                0x0000000000412b2a                PIT_AddLineIntercepts
                0x0000000000412c92                PIT_AddThingIntercepts
                0x0000000000412d62                P_TraverseIntercepts
                0x0000000000412df5                P_PathTraverse
 *fill*         0x00000000004130c7        0x1 
 .text          0x00000000004130c8     0x110e build/p_mobj.o
                0x00000000004130c8                P_SetMobjState
                0x000000000041314b                P_RemoveMobj
                0x00000000004131dc                P_ExplodeMissile
                0x0000000000413244                P_XYMovement
                0x00000000004134fc                P_ZMovement
                0x00000000004136a9                P_NightmareRespawn
                0x00000000004137c3                P_SpawnMobj
                0x00000000004138fe                P_MobjThinker
                0x00000000004139b1                P_RespawnSpecials
                0x0000000000413ad6                P_SpawnPlayer
                0x0000000000413c07                P_SpawnMapThing
                0x0000000000413e06                P_SpawnPuff
                0x0000000000413e92                P_SpawnBlood
                0x0000000000413f26                P_CheckMissileSpawn
                0x0000000000413f7f                P_SubstNullMobj
                0x0000000000413fa7                P_SpawnMissile
                0x00000000004140b3                P_SpawnPlayerMissile
 *fill*         0x00000000004141d6        0x2 
 .text          0x00000000004141d8      0x4cd build/p_plats.o
                0x00000000004141d8                T_PlatRaise
                0x000000000041430f                P_RemoveActivePlat
                0x0000000000414362                EV_DoPlat
                0x000000000041460a                P_ActivateInStasis
                0x000000000041463d                P_AddActivePlat
                0x0000000000414668                EV_StopPlat
 *fill*         0x00000000004146a5        0x3 
 .text          0x00000000004146a8      0xb8a build/p_pspr.o
                0x00000000004146a8                P_SetPsprite
                0x000000000041473c                P_CalcSwing
                0x0000000000414787                P_BringUpWeapon
                0x00000000004147e3                P_CheckAmmo
                0x00000000004148fb                P_FireWeapon
                0x000000000041493b                P_DropWeapon
                0x0000000000414950                A_WeaponReady
                0x0000000000414a5d                A_ReFire
                0x0000000000414a8c                A_CheckReload
                0x0000000000414a91                A_Lower
                0x0000000000414acf                A_Raise
                0x0000000000414aff                A_GunFlash
                0x0000000000414b2c                A_Punch
                0x0000000000414bf0                A_Saw
                0x0000000000414cfd                A_FireMissile
                0x0000000000414d20                A_FireBFG
                0x0000000000414d44                A_FirePlasma
                0x0000000000414d93                P_BulletSlope
                0x0000000000414e04                P_GunShot
                0x0000000000414e7a                A_FirePistol
                0x0000000000414ee0                A_FireShotgun
                0x0000000000414f4c                A_FireShotgun2
                0x0000000000415045                A_FireCGun
                0x00000000004150f5                A_Light0
                0x0000000000415100                A_Light1
                0x000000000041510b                A_Light2
                0x0000000000415116                A_BFGSpray
                0x00000000004151b4                A_BFGsound
                0x00000000004151c1                P_SetupPsprites
                0x00000000004151df                P_MovePsprites
 *fill*         0x0000000000415232        0x2 
 .text          0x0000000000415234     0x1b22 build/p_saveg.o
                0x0000000000415234                P_TempSaveGameFile
                0x000000000041525f                P_SaveGameFile
                0x00000000004152e4                P_WriteSaveGameHeader
                0x000000000041541e                P_ReadSaveGameHeader
                0x000000000041555a                P_ReadSaveGameEOF
                0x000000000041556b                P_WriteSaveGameEOF
                0x0000000000415575                P_ArchivePlayers
                0x00000000004158cc                P_UnArchivePlayers
                0x0000000000415c0f                P_ArchiveWorld
                0x0000000000415e38                P_UnArchiveWorld
                0x000000000041606a                P_ArchiveThinkers
                0x00000000004162c5                P_UnArchiveThinkers
                0x00000000004165a8                P_ArchiveSpecials
                0x00000000004168ce                P_UnArchiveSpecials
 *fill*         0x0000000000416d56        0x2 
 .text          0x0000000000416d58      0xe28 build/p_setup.o
                0x0000000000416d58                P_LoadVertexes
                0x0000000000416dca                GetSectorAtNullAddress
                0x0000000000416e42                P_LoadSegs
                0x0000000000416fae                P_LoadSubsectors
                0x0000000000417040                P_LoadSectors
                0x000000000041712c                P_LoadNodes
                0x00000000004171e6                P_LoadThings
                0x00000000004172a8                P_LoadLineDefs
                0x00000000004174b2                P_LoadSideDefs
                0x00000000004175a3                P_LoadBlockMap
                0x0000000000417632                P_GroupLines
                0x00000000004178a8                P_SetupLevel
                0x0000000000417b6a                P_Init
 .text          0x0000000000417b80      0x429 build/p_sight.o
                0x0000000000417b80                P_DivlineSide
                0x0000000000417be3                P_InterceptVector2
                0x0000000000417c5b                P_CrossSubsector
                0x0000000000417e4a                P_CrossBSPNode
                0x0000000000417ee2                P_CheckSight
 *fill*         0x0000000000417fa9        0x3 
 .text          0x0000000000417fac      0xf26 build/p_spec.o
                0x0000000000417fac                P_InitPicAnims
                0x000000000041808a                getSide
                0x00000000004180bd                getSector
                0x00000000004180f1                twoSided
                0x0000000000418113                getNextSector
                0x000000000041812b                P_FindLowestFloorSurrounding
                0x0000000000418168                P_FindHighestFloorSurrounding
                0x00000000004181ae                P_FindNextHighestFloor
                0x000000000041826e                P_FindLowestCeilingSurrounding
                0x00000000004182b5                P_FindHighestCeilingSurrounding
                0x00000000004182f6                P_FindSectorFromLineTag
                0x0000000000418338                P_FindMinSurroundingLight
                0x0000000000418377                P_CrossSpecialLine
                0x00000000004187b0                P_ShootSpecialLine
                0x0000000000418819                P_PlayerInSpecialSector
                0x00000000004188f3                P_UpdateSpecials
                0x0000000000418a86                EV_DoDonut
                0x0000000000418d25                P_SpawnSpecials
 *fill*         0x0000000000418ed2        0x2 
 .text          0x0000000000418ed4      0x5ee build/p_switch.o
                0x0000000000418ed4                P_InitSwitchList
                0x0000000000418f75                P_StartButton
                0x0000000000418fdf                P_ChangeSwitchTexture
                0x0000000000419158                P_UseSpecialLine
 *fill*         0x00000000004194c2        0x2 
 .text          0x00000000004194c4      0x19e build/p_telept.o
                0x00000000004194c4                EV_Teleport
 *fill*         0x0000000000419662        0x2 
 .text          0x0000000000419664      0x115 build/p_tick.o
                0x0000000000419664                P_InitThinkers
                0x000000000041967b                P_AddThinker
                0x0000000000419699                P_RemoveThinker
                0x00000000004196a2                P_AllocateThinker
                0x00000000004196a3                P_RunThinkers
                0x00000000004196f6                P_Ticker
 *fill*         0x0000000000419779        0x3 
 .text          0x000000000041977c      0x4be build/p_user.o
                0x000000000041977c                P_Thrust
                0x00000000004197ba                P_CalcHeight
                0x00000000004198bf                P_MovePlayer
                0x0000000000419950                P_DeathThink
                0x0000000000419a1c                P_PlayerThink
 *fill*         0x0000000000419c3a        0x2 
 .text          0x0000000000419c3c      0x524 build/r_bsp.o
                0x0000000000419c3c                R_ClearDrawSegs
                0x0000000000419c48                R_ClipSolidWallSegment
                0x0000000000419d39                R_ClipPassWallSegment
                0x0000000000419da5                R_ClearClipSegs
                0x0000000000419dd2                R_AddLine
                0x0000000000419ee7                R_CheckBBox
                0x000000000041a002                R_Subsector
                0x000000000041a0d8                R_RenderBSPNode
 .text          0x000000000041a160      0xeb5 build/r_data.o
                0x000000000041a160                R_DrawColumnInCache
                0x000000000041a1d5                R_GenerateComposite
                0x000000000041a312                R_GenerateLookup
                0x000000000041a4b8                R_GetColumn
                0x000000000041a529                R_InitTextures
                0x000000000041aa64                R_InitFlats
                0x000000000041aad1                R_InitSpriteLumps
                0x000000000041abc6                R_InitColormaps
                0x000000000041abe6                R_InitData
                0x000000000041ac33                R_FlatNumForName
                0x000000000041ac76                R_CheckTextureNumForName
                0x000000000041acd1                R_TextureNumForName
                0x000000000041acfd                R_PrecacheLevel
 *fill*         0x000000000041b015        0x3 
 .text          0x000000000041b018      0xc14 build/r_draw.o
                0x000000000041b018                R_DrawColumn
                0x000000000041b0d0                R_DrawColumnLow
                0x000000000041b19c                R_DrawFuzzColumn
                0x000000000041b27e                R_DrawFuzzColumnLow
                0x000000000041b39f                R_DrawTranslatedColumn
                0x000000000041b460                R_DrawTranslatedColumnLow
                0x000000000041b557                R_InitTranslationTables
                0x000000000041b5ed                R_DrawSpan
                0x000000000041b6c9                R_DrawSpanLow
                0x000000000041b7d6                R_InitBuffer
                0x000000000041b852                R_FillBackScreen
                0x000000000041baf2                R_VideoErase
                0x000000000041bb16                R_DrawViewBorder
 .text          0x000000000041bc2c      0x955 build/r_main.o
                0x000000000041bc2c                R_AddPointToBox
                0x000000000041bc4b                R_PointOnSide
                0x000000000041bcc4                R_PointOnSegSide
                0x000000000041bd4a                R_PointToAngle
                0x000000000041be37                R_PointToAngle2
                0x000000000041be4c                R_PointToDist
                0x000000000041bea5                R_InitPointToAngle
                0x000000000041bea6                R_ScaleFromGlobalAngle
                0x000000000041bf29                R_InitTables
                0x000000000041bf2a                R_InitTextureMapping
                0x000000000041c02e                R_InitLightTables
                0x000000000041c0d1                R_SetViewSize
                0x000000000041c0e8                R_ExecuteSetViewSize
                0x000000000041c38b                R_Init
                0x000000000041c40f                R_PointInSubsector
                0x000000000041c46f                R_SetupFrame
                0x000000000041c53b                R_RenderPlayerView
 *fill*         0x000000000041c581        0x3 
 .text          0x000000000041c584      0x6f8 build/r_plane.o
                0x000000000041c584                R_InitPlanes
                0x000000000041c585                R_MapPlane
                0x000000000041c70b                R_ClearPlanes
                0x000000000041c7b5                R_FindPlane
                0x000000000041c86a                R_CheckPlane
                0x000000000041c8f9                R_MakeSpans
                0x000000000041ca17                R_DrawPlanes
 .text          0x000000000041cc7c      0xdd7 build/r_segs.o
                0x000000000041cc7c                R_RenderMaskedSegRange
                0x000000000041ce95                R_RenderSegLoop
                0x000000000041d1e9                R_StoreWallRange
 *fill*         0x000000000041da53        0x1 
 .text          0x000000000041da54        0xb build/r_sky.o
                0x000000000041da54                R_InitSkyMap
 *fill*         0x000000000041da5f        0x1 
 .text          0x000000000041da60      0xfe2 build/r_things.o
                0x000000000041da60                R_InstallSpriteLump
                0x000000000041db9f                R_InitSpriteDefs
                0x000000000041de47                R_InitSprites
                0x000000000041de68                R_ClearSprites
                0x000000000041de74                R_NewVisSprite
                0x000000000041de97                R_DrawMaskedColumn
                0x000000000041df6c                R_DrawVisSprite
                0x000000000041e099                R_ProjectSprite
                0x000000000041e381                R_AddSprites
                0x000000000041e3e1                R_DrawPSprite
                0x000000000041e5d1                R_DrawPlayerSprites
                0x000000000041e65e                R_SortVisSprites
                0x000000000041e75b                R_DrawSprite
                0x000000000041e9bd                R_DrawMasked
 *fill*         0x000000000041ea42        0x2 
 .text          0x000000000041ea44     0x1450 build/sha1.o
                0x000000000041ea44                SHA1_Init
                0x000000000041ea5f                SHA1_Update
                0x000000000041fcf6                SHA1_Final
                0x000000000041fe53                SHA1_UpdateInt32
                0x000000000041fe6c                SHA1_UpdateString
 .text          0x000000000041fe94       0x4d build/statdump.o
                0x000000000041fe94                StatCopy
                0x000000000041fee0                StatDump
 *fill*         0x000000000041fee1        0x3 
 .text          0x000000000041fee4      0x3df build/st_lib.o
                0x000000000041fee4                STlib_init
                0x000000000041fefd                STlib_initNum
                0x000000000041ff1d                STlib_drawNum
                0x00000000004200a6                STlib_updateNum
                0x00000000004200b4                STlib_initPercent
                0x00000000004200d7                STlib_updatePercent
                0x000000000042010a                STlib_initMultIcon
                0x0000000000420123                STlib_updateMultIcon
                0x00000000004201f6                STlib_initBinIcon
                0x000000000042020f                STlib_updateBinIcon
 *fill*         0x00000000004202c3        0x1 
 .text          0x00000000004202c4     0x19b2 build/st_stuff.o
                0x00000000004202c4                ST_refreshBackground
                0x0000000000420332                ST_Responder
                0x000000000042080b                ST_calcPainOffset
                0x000000000042085a                ST_updateFaceWidget
                0x0000000000420d68                ST_updateWidgets
                0x0000000000420e4c                ST_Ticker
                0x0000000000420e75                ST_doPaletteStuff
                0x0000000000420f39                ST_drawWidgets
                0x000000000042101c                ST_doRefresh
                0x0000000000421037                ST_diffDraw
                0x000000000042103e                ST_Drawer
                0x0000000000421094                ST_loadGraphics
                0x00000000004213f0                ST_loadData
                0x0000000000421407                ST_unloadGraphics
                0x000000000042173d                ST_unloadData
                0x0000000000421742                ST_initData
                0x00000000004217cc                ST_createWidgets
                0x0000000000421b74                ST_Start
                0x0000000000421c1b                ST_Stop
                0x0000000000421c46                ST_Init
 *fill*         0x0000000000421c76        0x2 
 .text          0x0000000000421c78      0x76b build/s_sound.o
                0x0000000000421c78                S_Init
                0x0000000000421d23                S_SetSfxVolume
                0x0000000000421d44                S_SetMusicVolume
                0x0000000000421d65                S_Shutdown
                0x0000000000421d71                S_Start
                0x0000000000421e51                S_ChangeMusic
                0x0000000000421f26                S_StopSound
                0x0000000000421f5d                S_StartSound
                0x0000000000422268                S_PauseSound
                0x000000000042228a                S_ResumeSound
                0x00000000004222ac                S_UpdateSounds
                0x0000000000422384                S_StartMusic
                0x000000000042238b                S_StopMusic
                0x00000000004223de                S_MusicPlaying
 *fill*         0x00000000004223e3        0x1 
 .text          0x00000000004223e4       0x26 build/tables.o
                0x00000000004223e4                SlopeDiv
 *fill*         0x000000000042240a        0x2 
 .text          0x000000000042240c      0xeec build/v_video.o
                0x000000000042240c                V_MarkRect
                0x000000000042246b                V_CopyRect
                0x000000000042254e                V_SetPatchClipCallback
                0x0000000000422556                V_DrawPatch
                0x000000000042268e                V_DrawPatchFlipped
                0x00000000004227b1                V_DrawPatchDirect
                0x00000000004227b6                V_DrawTLPatch
                0x00000000004228c1                V_DrawXlaPatch
                0x00000000004229a8                V_DrawAltTLPatch
                0x0000000000422ab3                V_DrawShadowedPatch
                0x0000000000422bd7                V_LoadTintTable
                0x0000000000422bf0                V_LoadXlaTable
                0x0000000000422c09                V_DrawBlock
                0x0000000000422cab                V_DrawFilledBox
                0x0000000000422d14                V_DrawHorizLine
                0x0000000000422d3c                V_DrawVertLine
                0x0000000000422d63                V_DrawBox
                0x0000000000422e2c                V_DrawRawScreen
                0x0000000000422e40                V_Init
                0x0000000000422e41                V_UseBuffer
                0x0000000000422e49                V_RestoreBuffer
                0x0000000000422e58                WritePCXfile
                0x0000000000422f64                V_ScreenShot
                0x0000000000422fe4                V_DrawMouseSpeedBox
 .text          0x00000000004232f8     0x22f1 build/wi_stuff.o
                0x00000000004232f8                WI_slamBackground
                0x0000000000423308                WI_Responder
                0x000000000042330b                WI_drawLF
                0x00000000004233df                WI_drawEL
                0x000000000042344b                WI_drawOnLnode
                0x00000000004234fe                WI_initAnimatedBack
                0x00000000004235c3                WI_updateAnimatedBack
                0x00000000004236d2                WI_drawAnimatedBack
                0x0000000000423740                WI_drawNum
                0x000000000042381c                WI_drawPercent
                0x000000000042384d                WI_drawTime
                0x000000000042390a                WI_End
                0x000000000042390f                WI_unloadData
                0x0000000000423d0a                WI_initNoState
                0x0000000000423d26                WI_updateNoState
                0x0000000000423d3c                WI_initShowNextLoc
                0x0000000000423d5c                WI_updateShowNextLoc
                0x0000000000423dab                WI_drawShowNextLoc
                0x0000000000423e60                WI_drawNoState
                0x0000000000423e6f                WI_fragSum
                0x0000000000423eb3                WI_initDeathmatchStats
                0x0000000000423f61                WI_updateDeathmatchStats
                0x00000000004241a3                WI_drawDeathmatchStats
                0x000000000042439b                WI_initNetgameStats
                0x0000000000424448                WI_updateNetgameStats
                0x000000000042480e                WI_drawNetgameStats
                0x0000000000424a74                WI_initStats
                0x0000000000424ac1                WI_updateStats
                0x0000000000424e04                WI_drawStats
                0x0000000000424f2a                WI_checkForAccelerate
                0x0000000000424f8c                WI_Ticker
                0x0000000000425009                WI_loadData
                0x00000000004254bf                WI_Drawer
                0x0000000000425506                WI_initVariables
                0x0000000000425572                WI_Start
 *fill*         0x00000000004255e9        0x3 
 .text          0x00000000004255ec      0x10f build/w_checksum.o
                0x00000000004255ec                W_Checksum
 *fill*         0x00000000004256fb        0x1 
 .text          0x00000000004256fc       0x28 build/w_file.o
                0x00000000004256fc                W_OpenFile
                0x0000000000425715                W_CloseFile
                0x000000000042571b                W_Read
 .text          0x0000000000425724       0x71 build/w_main.o
                0x0000000000425724                W_ParseCommandLine
 *fill*         0x0000000000425795        0x3 
 .text          0x0000000000425798      0x65f build/w_wad.o
                0x0000000000425798                W_LumpNameHash
                0x00000000004257cb                W_AddFile
                0x0000000000425a5d                W_NumLumps
                0x0000000000425a64                W_CheckNumForName
                0x0000000000425aff                W_GetNumForName
                0x0000000000425b04                W_LumpLength
                0x0000000000425b30                W_ReadLump
                0x0000000000425ba6                W_CacheLumpNum
                0x0000000000425c67                W_CacheLumpName
                0x0000000000425c79                W_ReleaseLumpNum
                0x0000000000425cc8                W_ReleaseLumpName
                0x0000000000425cd6                W_GenerateHashTable
                0x0000000000425d7a                W_CheckCorrectIWAD
 *fill*         0x0000000000425df7        0x1 
 .text          0x0000000000425df8      0x5d4 build/z_zone.o
                0x0000000000425df8                Z_ClearZone
                0x0000000000425e2f                Z_Init
                0x0000000000425e86                Z_Free
                0x0000000000425f27                Z_Malloc
                0x0000000000426040                Z_FreeTags
                0x0000000000426093                Z_DumpHeap
                0x0000000000426164                Z_FileDumpHeap
                0x0000000000426285                Z_CheckHeap
                0x000000000042630f                Z_ChangeTag2
                0x0000000000426368                Z_ChangeUser
                0x0000000000426396                Z_FreeMemory
                0x00000000004263c2                Z_ZoneSize
 .text          0x00000000004263cc       0xa1 build/w_file_stdc.o
                0x00000000004263cc                W_StdC_Read
 *fill*         0x000000000042646d        0x3 
 .text          0x0000000000426470       0xd7 build/i_input.o
                0x0000000000426470                I_GetEvent
                0x0000000000426546                I_InitInput
 *fill*         0x0000000000426547        0x1 
 .text          0x0000000000426548      0x444 build/i_video.o
                0x0000000000426548                cmap_to_rgb565
                0x00000000004265a2                cmap_to_fb
                0x000000000042668e                I_InitGraphics
                0x0000000000426804                I_ShutdownGraphics
                0x0000000000426810                I_StartFrame
                0x0000000000426811                I_StartTic
                0x0000000000426816                I_UpdateNoBlit
                0x0000000000426817                I_FinishUpdate
                0x00000000004268d4                I_ReadScreen
                0x00000000004268e5                I_SetPalette
                0x0000000000426935                I_GetPaletteIndex
                0x000000000042697f                I_BeginRead
                0x0000000000426980                I_EndRead
                0x0000000000426981                I_SetWindowTitle
                0x0000000000426986                I_GraphicsCheckCommandLine
                0x0000000000426987                I_SetGrabMouseCallback
                0x0000000000426988                I_EnableLoadingDisk
                0x0000000000426989                I_BindVideoVariables
                0x000000000042698a                I_DisplayFPSDots
                0x000000000042698b                I_CheckIsScreensaver
 .text          0x000000000042698c       0x31 build/doomgeneric.o
                0x000000000042698c                doomgeneric_Create
 *fill*         0x00000000004269bd        0x3 
 .text          0x00000000004269c0       0xcb build/doomgeneric_ncurses.o
                0x00000000004269c0                DG_Init
                0x00000000004269da                DG_DrawFrame
                0x0000000000426a0f                DG_SleepMs
                0x0000000000426a1a                DG_GetTicksMs
                0x0000000000426a5a                DG_GetKey
                0x0000000000426a5d                DG_SetWindowTitle
                0x0000000000426a7c                main
 *fill*         0x0000000000426a8b        0x5 
 .text          0x0000000000426a90       0x75 /usr/lib/x86_64-linux-gnu/libc_nonshared.a(elf-init.oS)
                0x0000000000426a90                __libc_csu_init
                0x0000000000426b00                __libc_csu_fini
 *(.gnu.warning)

.fini           0x0000000000426b08        0xd
 *(SORT_NONE(.fini))
 .fini          0x0000000000426b08        0x8 /usr/bin/../lib/gcc/x86_64-linux-gnu/9/../../../x86_64-linux-gnu/crti.o
                0x0000000000426b08                _fini
 .fini          0x0000000000426b10        0x5 /usr/bin/../lib/gcc/x86_64-linux-gnu/9/../../../x86_64-linux-gnu/crtn.o
                [!provide]                        PROVIDE (__etext = .)
                [!provide]                        PROVIDE (_etext = .)
                [!provide]                        PROVIDE (etext = .)
                0x0000000000427000                . = ALIGN (CONSTANT (MAXPAGESIZE))
                0x0000000000427000                . = SEGMENT_START ("rodata-segment", (ALIGN (CONSTANT (MAXPAGESIZE)) + (. & (CONSTANT (MAXPAGESIZE) - 0x1))))

.rodata         0x0000000000427000    0x191e1
 *(.rodata .rodata.* .gnu.linkonce.r.*)
 .rodata.str1.1
                0x0000000000427000       0x67 build/am_map.o
 *fill*         0x0000000000427067        0x9 
 .rodata.cst32  0x0000000000427070       0x20 build/am_map.o
 .rodata.cst16  0x0000000000427090       0x10 build/am_map.o
 .rodata.str1.1
                0x00000000004270a0      0x328 build/dstrings.o
 .rodata.str1.1
                0x00000000004273c8      0x1b6 build/d_iwad.o
                                        0x1d3 (size before relaxing)
 *fill*         0x000000000042757e        0x2 
 .rodata        0x0000000000427580      0x150 build/d_iwad.o
 .rodata.str1.1
                0x00000000004276d0       0x6e build/d_loop.o
 *fill*         0x000000000042773e        0x2 
 .rodata        0x0000000000427740      0x240 build/d_main.o
 .rodata.cst16  0x0000000000427980       0x10 build/d_main.o
 .rodata.str1.1
                0x0000000000427990      0x947 build/d_main.o
                                        0x995 (size before relaxing)
 *fill*         0x00000000004282d7        0x9 
 .rodata        0x00000000004282e0      0x188 build/d_mode.o
 .rodata.str1.1
                0x0000000000428468       0x1a build/d_mode.o
                                         0x3c (size before relaxing)
 .rodata.str1.1
                0x0000000000428482      0x155 build/d_net.o
                                        0x16d (size before relaxing)
 *fill*         0x00000000004285d7        0x1 
 .rodata        0x00000000004285d8       0x20 build/f_finale.o
 .rodata.str1.1
                0x00000000004285f8     0x1ef5 build/f_finale.o
                                       0x1f08 (size before relaxing)
 *fill*         0x000000000042a4ed        0x3 
 .rodata        0x000000000042a4f0       0x30 build/f_wipe.o
 .rodata        0x000000000042a520      0x1e0 build/g_game.o
 .rodata.cst16  0x000000000042a700       0x10 build/g_game.o
 .rodata.cst4   0x000000000042a710        0x4 build/g_game.o
 .rodata.str1.1
                0x000000000042a714      0x348 build/g_game.o
                                        0x369 (size before relaxing)
 *fill*         0x000000000042aa5c        0x4 
 .rodata        0x000000000042aa60       0x20 build/hu_stuff.o
 .rodata.str1.1
                0x000000000042aa80      0xc0f build/hu_stuff.o
 .rodata.str1.1
                0x000000000042b68f      0x2a3 build/info.o
                                        0x2b2 (size before relaxing)
 .rodata.str1.1
                0x000000000042b932       0xa7 build/i_joystick.o
 .rodata.str1.1
                0x000000000042b9d9       0x9e build/i_sound.o
                                         0x9f (size before relaxing)
 .rodata.str1.1
                0x000000000042ba77      0x211 build/i_system.o
 .rodata        0x000000000042bc88       0x1e build/i_system.o
 *fill*         0x000000000042bca6        0xa 
 .rodata.cst16  0x000000000042bcb0       0x10 build/m_bbox.o
 .rodata        0x000000000042bcc0      0x230 build/m_config.o
 .rodata.str1.1
                0x000000000042bef0      0xa6e build/m_config.o
                                        0xc1c (size before relaxing)
 .rodata.str1.1
                0x000000000042c95e       0x16 build/m_controls.o
                                        0x630 (size before relaxing)
 .rodata.str1.1
                0x000000000042c974      0x3f7 build/m_menu.o
                                        0x40f (size before relaxing)
 *fill*         0x000000000042cd6b        0x5 
 .rodata        0x000000000042cd70       0x20 build/m_menu.o
 .rodata.str1.1
                0x000000000042cd90       0xde build/m_misc.o
                                         0xec (size before relaxing)
 *fill*         0x000000000042ce6e        0x2 
 .rodata        0x000000000042ce70      0x100 build/m_random.o
 .rodata        0x000000000042cf70       0x60 build/p_ceilng.o
 .rodata        0x000000000042cfd0       0xa0 build/p_doors.o
 .rodata.str1.1
                0x000000000042d070      0x137 build/p_doors.o
 *fill*         0x000000000042d1a7        0x1 
 .rodata        0x000000000042d1a8       0x20 build/p_enemy.o
 .rodata.str1.1
                0x000000000042d1c8       0x3b build/p_enemy.o
 *fill*         0x000000000042d203        0x5 
 .rodata        0x000000000042d208       0x68 build/p_floor.o
 .rodata        0x000000000042d270      0x188 build/p_inter.o
 .rodata.str1.1
                0x000000000042d3f8      0x3d7 build/p_inter.o
 .rodata.str1.1
                0x000000000042d7cf       0x72 build/p_map.o
 *fill*         0x000000000042d841        0xf 
 .rodata        0x000000000042d850      0x248 build/p_maputl.o
 .rodata.str1.1
                0x000000000042da98       0x2d build/p_mobj.o
 *fill*         0x000000000042dac5        0x3 
 .rodata        0x000000000042dac8       0x28 build/p_plats.o
 .rodata.str1.1
                0x000000000042daf0       0x45 build/p_plats.o
 *fill*         0x000000000042db35        0x3 
 .rodata        0x000000000042db38       0x40 build/p_saveg.o
 .rodata.str1.1
                0x000000000042db78       0xc3 build/p_saveg.o
                                         0xe1 (size before relaxing)
 .rodata.str1.1
                0x000000000042dc3b       0x5a build/p_setup.o
 .rodata.str1.1
                0x000000000042dc95       0x28 build/p_sight.o
 *fill*         0x000000000042dcbd        0x3 
 .rodata        0x000000000042dcc0      0x550 build/p_spec.o
 .rodata.str1.1
                0x000000000042e210      0x242 build/p_spec.o
 *fill*         0x000000000042e452        0x6 
 .rodata        0x000000000042e458      0x460 build/p_switch.o
 .rodata.str1.1
                0x000000000042e8b8       0x25 build/p_switch.o
 .rodata.str1.1
                0x000000000042e8dd       0x23 build/r_bsp.o
 .rodata.str1.1
                0x000000000042e900      0x120 build/r_data.o
                                        0x12e (size before relaxing)
 .rodata.str1.1
                0x000000000042ea20       0xa6 build/r_draw.o
 .rodata.str1.1
                0x000000000042eac6       0xa6 build/r_plane.o
 .rodata.str1.1
                0x000000000042eb6c       0x20 build/r_segs.o
 .rodata.str1.1
                0x000000000042eb8c      0x1d2 build/r_things.o
 *fill*         0x000000000042ed5e        0x2 
 .rodata.cst16  0x000000000042ed60       0x10 build/sha1.o
 .rodata.str1.1
                0x000000000042ed70      0x186 build/sounds.o
                                        0x191 (size before relaxing)
 .rodata.str1.1
                0x000000000042eef6        0xa build/statdump.o
 .rodata.str1.1
                0x000000000042eef6       0x5b build/st_lib.o
 .rodata.str1.1
                0x000000000042ef51      0x1b1 build/st_stuff.o
                                        0x1b9 (size before relaxing)
 *fill*         0x000000000042f102        0xe 
 .rodata        0x000000000042f110       0x24 build/s_sound.o
 .rodata.str1.1
                0x000000000042f134       0x69 build/s_sound.o
 *fill*         0x000000000042f19d        0x3 
 .rodata        0x000000000042f1a0    0x10510 build/tables.o
                0x000000000042f1a0                finetangent
                0x00000000004331a0                finesine
                0x000000000043d1a0                tantoangle
                0x000000000043f1b0                gammatable
 .rodata.cst4   0x000000000043f6b0        0x4 build/v_video.o
 *fill*         0x000000000043f6b4        0xc 
 .rodata.cst16  0x000000000043f6c0       0x10 build/v_video.o
 .rodata.cst8   0x000000000043f6d0        0x8 build/v_video.o
 .rodata.str1.1
                0x000000000043f6d8      0x100 build/v_video.o
                                        0x108 (size before relaxing)
 *fill*         0x000000000043f7d8        0x8 
 .rodata        0x000000000043f7e0      0x1d0 build/wi_stuff.o
 .rodata.str1.1
                0x000000000043f9b0       0xf9 build/wi_stuff.o
                                        0x10b (size before relaxing)
 *fill*         0x000000000043faa9        0x7 
 .rodata.str4.16
                0x000000000043fab0       0x10 build/wi_stuff.o
 .rodata.str1.1
                0x000000000043fac0        0x6 build/w_file.o
 .rodata.str1.1
                0x000000000043fac6        0x6 build/w_main.o
                                         0x12 (size before relaxing)
 .rodata.str1.1
                0x000000000043facc      0x1b3 build/w_wad.o
                                        0x1b7 (size before relaxing)
 *fill*         0x000000000043fc7f        0x1 
 .rodata        0x000000000043fc80       0x40 build/w_wad.o
 .rodata.str1.1
                0x000000000043fcc0      0x323 build/z_zone.o
 .rodata.str1.1
                0x000000000043ffe3        0x3 build/w_file_stdc.o
 *fill*         0x000000000043ffe3        0xd 
 .rodata        0x000000000043fff0       0x80 build/i_input.o
 .rodata.str1.1
                0x0000000000440070      0x15b build/i_video.o
 .rodata.str1.1
                0x00000000004401cb       0x16 build/doomgeneric_ncurses.o
                                         0x1b (size before relaxing)

.rodata1
 *(.rodata1)

.eh_frame_hdr   0x00000000004401e4     0x1a34
 *(.eh_frame_hdr)
 .eh_frame_hdr  0x00000000004401e4     0x1a34 /usr/bin/../lib/gcc/x86_64-linux-gnu/9/../../../x86_64-linux-gnu/crt1.o
                0x00000000004401e4                __GNU_EH_FRAME_HDR
 *(.eh_frame_entry .eh_frame_entry.*)

.eh_frame       0x0000000000441c18     0x7f08
 *(.eh_frame)
 .eh_frame      0x0000000000441c18       0x40 /usr/bin/../lib/gcc/x86_64-linux-gnu/9/../../../x86_64-linux-gnu/crt1.o
                                         0x5c (size before relaxing)
 *fill*         0x0000000000441c58        0x0 
 .eh_frame      0x0000000000441c58       0x28 /usr/bin/../lib/gcc/x86_64-linux-gnu/9/../../../x86_64-linux-gnu/crt1.o
                                         0x40 (size before relaxing)
 .eh_frame      0x0000000000441c80        0x0 /usr/bin/../lib/gcc/x86_64-linux-gnu/9/../../../x86_64-linux-gnu/crt1.o
 .eh_frame      0x0000000000441c80        0x0 build/dummy.o
                                         0x30 (size before relaxing)
 .eh_frame      0x0000000000441c80      0x520 build/am_map.o
                                        0x538 (size before relaxing)
 .eh_frame      0x00000000004421a0       0x28 build/d_event.o
                                         0x40 (size before relaxing)
 .eh_frame      0x00000000004421c8      0x140 build/d_iwad.o
                                        0x158 (size before relaxing)
 .eh_frame      0x0000000000442308      0x138 build/d_loop.o
                                        0x150 (size before relaxing)
 .eh_frame      0x0000000000442440      0x210 build/d_main.o
                                        0x228 (size before relaxing)
 .eh_frame      0x0000000000442650       0x90 build/d_mode.o
                                         0xa8 (size before relaxing)
 .eh_frame      0x00000000004426e0       0x80 build/d_net.o
                                         0x98 (size before relaxing)
 .eh_frame      0x0000000000442760      0x1d8 build/f_finale.o
                                        0x1f0 (size before relaxing)
 .eh_frame      0x0000000000442938      0x1a8 build/f_wipe.o
                                        0x1c0 (size before relaxing)
 .eh_frame      0x0000000000442ae0      0x548 build/g_game.o
                                        0x560 (size before relaxing)
 .eh_frame      0x0000000000443028      0x270 build/hu_lib.o
                                        0x288 (size before relaxing)
 .eh_frame      0x0000000000443298      0x138 build/hu_stuff.o
                                        0x150 (size before relaxing)
 .eh_frame      0x00000000004433d0        0x0 build/i_cdmus.o
                                         0xd0 (size before relaxing)
 .eh_frame      0x00000000004433d0       0x18 build/i_endoom.o
                                         0x30 (size before relaxing)
 .eh_frame      0x00000000004433e8       0x70 build/i_joystick.o
                                         0x88 (size before relaxing)
 .eh_frame      0x0000000000443458        0x0 build/i_scale.o
                                        0x368 (size before relaxing)
 .eh_frame      0x0000000000443458      0x198 build/i_sound.o
                                        0x1b0 (size before relaxing)
 .eh_frame      0x00000000004435f0      0x188 build/i_system.o
                                        0x1a0 (size before relaxing)
 .eh_frame      0x0000000000443778       0x80 build/i_timer.o
                                         0x98 (size before relaxing)
 .eh_frame      0x00000000004437f8        0x0 build/memio.o
                                        0x128 (size before relaxing)
 .eh_frame      0x00000000004437f8       0x98 build/m_argv.o
                                         0xb0 (size before relaxing)
 .eh_frame      0x0000000000443890       0x28 build/m_bbox.o
                                         0x40 (size before relaxing)
 .eh_frame      0x00000000004438b8       0x50 build/m_cheat.o
                                         0x68 (size before relaxing)
 .eh_frame      0x0000000000443908      0x1a0 build/m_config.o
                                        0x1b8 (size before relaxing)
 .eh_frame      0x0000000000443aa8      0x100 build/m_controls.o
                                        0x118 (size before relaxing)
 .eh_frame      0x0000000000443ba8       0x28 build/m_fixed.o
                                         0x40 (size before relaxing)
 .eh_frame      0x0000000000443bd0      0x678 build/m_menu.o
                                        0x690 (size before relaxing)
 .eh_frame      0x0000000000444248      0x378 build/m_misc.o
                                        0x390 (size before relaxing)
 .eh_frame      0x00000000004445c0       0x40 build/m_random.o
                                         0x58 (size before relaxing)
 .eh_frame      0x0000000000444600       0xe8 build/p_ceilng.o
                                        0x100 (size before relaxing)
 .eh_frame      0x00000000004446e8      0x120 build/p_doors.o
                                        0x138 (size before relaxing)
 .eh_frame      0x0000000000444808      0xa40 build/p_enemy.o
                                        0xa58 (size before relaxing)
 .eh_frame      0x0000000000445248      0x108 build/p_floor.o
                                        0x120 (size before relaxing)
 .eh_frame      0x0000000000445350      0x198 build/p_inter.o
                                        0x1b0 (size before relaxing)
 .eh_frame      0x00000000004454e8      0x1b8 build/p_lights.o
                                        0x1d0 (size before relaxing)
 .eh_frame      0x00000000004456a0      0x3f0 build/p_map.o
                                        0x408 (size before relaxing)
 .eh_frame      0x0000000000445a90      0x2f8 build/p_maputl.o
                                        0x310 (size before relaxing)
 .eh_frame      0x0000000000445d88      0x3c8 build/p_mobj.o
                                        0x3e0 (size before relaxing)
 .eh_frame      0x0000000000446150      0x100 build/p_plats.o
                                        0x118 (size before relaxing)
 .eh_frame      0x0000000000446250      0x428 build/p_pspr.o
                                        0x440 (size before relaxing)
 .eh_frame      0x0000000000446678      0x408 build/p_saveg.o
                                        0x420 (size before relaxing)
 .eh_frame      0x0000000000446a80      0x280 build/p_setup.o
                                        0x298 (size before relaxing)
 .eh_frame      0x0000000000446d00       0xf8 build/p_sight.o
                                        0x110 (size before relaxing)
 .eh_frame      0x0000000000446df8      0x2d8 build/p_spec.o
                                        0x2f0 (size before relaxing)
 .eh_frame      0x00000000004470d0       0xc8 build/p_switch.o
                                         0xe0 (size before relaxing)
 .eh_frame      0x0000000000447198       0x50 build/p_telept.o
                                         0x68 (size before relaxing)
 .eh_frame      0x00000000004471e8       0xa0 build/p_tick.o
                                         0xb8 (size before relaxing)
 .eh_frame      0x0000000000447288       0xb8 build/p_user.o
                                         0xd0 (size before relaxing)
 .eh_frame      0x0000000000447340      0x170 build/r_bsp.o
                                        0x188 (size before relaxing)
 .eh_frame      0x00000000004474b0      0x290 build/r_data.o
                                        0x2a8 (size before relaxing)
 .eh_frame      0x0000000000447740      0x210 build/r_draw.o
                                        0x228 (size before relaxing)
 .eh_frame      0x0000000000447950      0x228 build/r_main.o
                                        0x240 (size before relaxing)
 .eh_frame      0x0000000000447b78      0x178 build/r_plane.o
                                        0x190 (size before relaxing)
 .eh_frame      0x0000000000447cf0       0xc8 build/r_segs.o
                                         0xe0 (size before relaxing)
 .eh_frame      0x0000000000447db8       0x18 build/r_sky.o
                                         0x30 (size before relaxing)
 .eh_frame      0x0000000000447dd0      0x2b8 build/r_things.o
                                        0x2d0 (size before relaxing)
 .eh_frame      0x0000000000448088      0x128 build/sha1.o
                                        0x140 (size before relaxing)
 .eh_frame      0x00000000004481b0       0x40 build/statdump.o
                                         0x58 (size before relaxing)
 .eh_frame      0x00000000004481f0      0x190 build/st_lib.o
                                        0x1a8 (size before relaxing)
 .eh_frame      0x0000000000448380      0x2a0 build/st_stuff.o
                                        0x2b8 (size before relaxing)
 .eh_frame      0x0000000000448620      0x258 build/s_sound.o
                                        0x270 (size before relaxing)
 .eh_frame      0x0000000000448878       0x18 build/tables.o
                                         0x30 (size before relaxing)
 .eh_frame      0x0000000000448890      0x460 build/v_video.o
                                        0x478 (size before relaxing)
 .eh_frame      0x0000000000448cf0      0x548 build/wi_stuff.o
                                        0x560 (size before relaxing)
 .eh_frame      0x0000000000449238       0x50 build/w_checksum.o
                                         0x68 (size before relaxing)
 .eh_frame      0x0000000000449288       0x48 build/w_file.o
                                         0x60 (size before relaxing)
 .eh_frame      0x00000000004492d0       0x30 build/w_main.o
                                         0x48 (size before relaxing)
 .eh_frame      0x0000000000449300      0x228 build/w_wad.o
                                        0x240 (size before relaxing)
 .eh_frame      0x0000000000449528      0x1f0 build/z_zone.o
                                        0x208 (size before relaxing)
 .eh_frame      0x0000000000449718       0x70 build/w_file_stdc.o
                                         0x88 (size before relaxing)
 .eh_frame      0x0000000000449788       0x50 build/i_input.o
                                         0x68 (size before relaxing)
 .eh_frame      0x00000000004497d8      0x228 build/i_video.o
                                        0x240 (size before relaxing)
 .eh_frame      0x0000000000449a00       0x18 build/doomgeneric.o
                                         0x30 (size before relaxing)
 .eh_frame      0x0000000000449a18       0xa8 build/doomgeneric_ncurses.o
                                         0xc0 (size before relaxing)
 .eh_frame      0x0000000000449ac0       0x5c /usr/lib/x86_64-linux-gnu/libc_nonshared.a(elf-init.oS)
                                         0x78 (size before relaxing)
 .eh_frame      0x0000000000449b1c        0x4 /usr/bin/../lib/gcc/x86_64-linux-gnu/9/crtend.o
 *(.eh_frame.*)

.gcc_except_table
 *(.gcc_except_table .gcc_except_table.*)

.gnu_extab
 *(.gnu_extab*)

.exception_ranges
 *(.exception_ranges*)
                0x000000000044ae00                . = DATA_SEGMENT_ALIGN (CONSTANT (MAXPAGESIZE), CONSTANT (COMMONPAGESIZE))

.eh_frame
 *(.eh_frame)
 *(.eh_frame.*)

.gnu_extab
 *(.gnu_extab)

.gcc_except_table
 *(.gcc_except_table .gcc_except_table.*)

.exception_ranges
 *(.exception_ranges*)

.tdata          0x000000000044ae00        0x0
                [!provide]                        PROVIDE (__tdata_start = .)
 *(.tdata .tdata.* .gnu.linkonce.td.*)

.tbss
 *(.tbss .tbss.* .gnu.linkonce.tb.*)
 *(.tcommon)

.preinit_array  0x000000000044ae00        0x0
                [!provide]                        PROVIDE (__preinit_array_start = .)
 *(.preinit_array)
                [!provide]                        PROVIDE (__preinit_array_end = .)

.init_array     0x000000000044ae00        0x8
                0x000000000044ae00                PROVIDE (__init_array_start = .)
 *(SORT_BY_INIT_PRIORITY(.init_array.*) SORT_BY_INIT_PRIORITY(.ctors.*))
 *(.init_array EXCLUDE_FILE(*crtend?.o *crtend.o *crtbegin?.o *crtbegin.o) .ctors)
 .init_array    0x000000000044ae00        0x8 /usr/bin/../lib/gcc/x86_64-linux-gnu/9/crtbegin.o
                0x000000000044ae08                PROVIDE (__init_array_end = .)

.fini_array     0x000000000044ae08        0x8
                [!provide]                        PROVIDE (__fini_array_start = .)
 *(SORT_BY_INIT_PRIORITY(.fini_array.*) SORT_BY_INIT_PRIORITY(.dtors.*))
 *(.fini_array EXCLUDE_FILE(*crtend?.o *crtend.o *crtbegin?.o *crtbegin.o) .dtors)
 .fini_array    0x000000000044ae08        0x8 /usr/bin/../lib/gcc/x86_64-linux-gnu/9/crtbegin.o
                [!provide]                        PROVIDE (__fini_array_end = .)

.ctors
 *crtbegin.o(.ctors)
 *crtbegin?.o(.ctors)
 *(EXCLUDE_FILE(*crtend?.o *crtend.o) .ctors)
 *(SORT_BY_NAME(.ctors.*))
 *(.ctors)

.dtors
 *crtbegin.o(.dtors)
 *crtbegin?.o(.dtors)
 *(EXCLUDE_FILE(*crtend?.o *crtend.o) .dtors)
 *(SORT_BY_NAME(.dtors.*))
 *(.dtors)

.jcr
 *(.jcr)

.data.rel.ro    0x000000000044ae10        0x0
 *(.data.rel.ro.local* .gnu.linkonce.d.rel.ro.local.*)
 *(.data.rel.ro .data.rel.ro.* .gnu.linkonce.d.rel.ro.*)
 .data.rel.ro   0x000000000044ae10        0x0 /usr/bin/../lib/gcc/x86_64-linux-gnu/9/../../../x86_64-linux-gnu/crt1.o

.dynamic        0x000000000044ae10      0x1e0
 *(.dynamic)
 .dynamic       0x000000000044ae10      0x1e0 /usr/bin/../lib/gcc/x86_64-linux-gnu/9/../../../x86_64-linux-gnu/crt1.o